C51 COMPILER V9.01   1629                                                                  03/10/2016 09:54:03 PAGE 1   


C51 COMPILER V9.01, COMPILATION OF MODULE 1629
OBJECT MODULE PLACED IN 1629.OBJ
COMPILER INVOKED BY: d:\Keil\C51\BIN\C51.EXE 1629.c BROWSE DEBUG OBJECTEXTEND

line level    source

   1                                                                                                                                                                                                    /*****************************************************************************
   2           *版权信息：深圳天微电子有限公司
   3           *文 件 名：TM1629A-V1.0
   4           *当前版本：V1.0
   5           *MCU 型号：STC12C5608AD
   6           *开发环境：Keil uVision4
   7           *晶震频率：11.0592MHZ       
   8           *完成日期：2013-07-30
   9           *程序功能：1.数码管驱动：驱动2组8段8位LED共阴数码管显示0~F，电路图请参考TM1629A规格书共阴接法；
  10           *免责声明：1.此程序为TM1629A驱动LED数码管演示程序，仅作参考之用。
  11                      2.如有直接使用本例程程序造成经济损失的，本公司不承担任何责任             
  12          ********************************************************************************/
  13          
  14          #include <reg52.h>                              //MCU头文件
  15          #include "intrins.h"                            //包含nop指令头文件
  16          
  17          #define nop _nop_();_nop_();_nop_();_nop_();_nop_();_nop_();//宏定义
  18          
  19          
  20          /********************定义控制端口**********************/
  21          sbit DIO=P0^1;                                          //定义DIO
  22          sbit CLK=P0^0;                                          //定义CLK
  23          sbit STB=P0^2;                                          //定义STB
  24          
  25          /********************定义数据*************************/
  26          //unsigned char const CODE[]={0x3F,0x06,0x5B,0x4F,0xFF,0x6D,0x7D,0x07,0x7F,0x6F,0x77,0x7C,0x39,0x5E,0x79,0
             -x71,};           //共阴数码管0~F字型码，与实际电路接法为准
  27          unsigned char const CODE[]={0x06,0x06,0x06,0x06,0x06,0x06,0x06,0x06,0x06,0x06,0x06,0x06,0x06,0x06,0x06,0x0
             -6,};           //共阴数码管0~F字型码，与实际电路接法为准
  28          /***************发送8bit数据，从低位开始**************/
  29          void send_8bit(unsigned char dat)       
  30          {
  31   1        unsigned char i;
  32   1        for(i=0;i<8;i++)
  33   1        {      
  34   2          CLK=0;
  35   2          if(dat&0x01) 
  36   2                 DIO=1;
  37   2               else 
  38   2                 DIO=0;
  39   2               _nop_();
  40   2               _nop_();
  41   2               _nop_();
  42   2               CLK=1;
  43   2               dat>>=1;
  44   2        }
  45   1         CLK=0;
  46   1         DIO=0;
  47   1      }
  48          
  49          /******************发送控制命令***********************/
  50          void send_command(unsigned char word)
  51          {
  52   1       STB=1;
  53   1       nop;
C51 COMPILER V9.01   1629                                                                  03/10/2016 09:54:03 PAGE 2   

  54   1       STB=0;
  55   1       send_8bit(word);
  56   1      }
  57          
  58          /************显示函数，数码管1~16位显示0~F************/
  59          void display()          
  60          {
  61   1       unsigned char i;
  62   1       send_command(0x40);    //设置数据命令:普通模式、地址自增1，写数据到显存
  63   1       send_command(0xc0);    //设置显示地址命令：从00H开始
  64   1       for(i=0;i<16;i++)      //发送16字节的显存数据
  65   1       {
  66   2        send_8bit(CODE[i]);
  67   2       }
  68   1       send_command(0x8C);    //设置显示控制命令：打开显示，并设置为11/16.
  69   1       STB=1;
  70   1      }
  71          
  72          
  73          void main()
  74          {
  75   1      
  76   1      while(1)
  77   1      {
  78   2       display();               //上电显示0~F
  79   2       }
  80   1      }
  81          
  82          


MODULE INFORMATION:   STATIC OVERLAYABLE
   CODE SIZE        =     83    ----
   CONSTANT SIZE    =   ----    ----
   XDATA SIZE       =   ----    ----
   PDATA SIZE       =   ----    ----
   DATA SIZE        =     16    ----
   IDATA SIZE       =   ----    ----
   BIT SIZE         =   ----    ----
END OF MODULE INFORMATION.


C51 COMPILATION COMPLETE.  0 WARNING(S),  0 ERROR(S)
